Archive member included to satisfy reference by file (symbol)

c:/program files (x86)/atmel/studio/7.0/toolchain/avr8/avr8-gnu-toolchain/bin/../lib/gcc/avr/5.4.0/avr5\libgcc.a(_exit.o)
                              C:/Program Files (x86)/Atmel/Studio/7.0/Packs/atmel/ATmega_DFP/1.2.132/gcc/dev/atmega32/avr5/crtatmega32.o (exit)
c:/program files (x86)/atmel/studio/7.0/toolchain/avr8/avr8-gnu-toolchain/bin/../lib/gcc/avr/5.4.0/avr5\libgcc.a(_copy_data.o)
                              heap_2.o (__do_copy_data)
c:/program files (x86)/atmel/studio/7.0/toolchain/avr8/avr8-gnu-toolchain/bin/../lib/gcc/avr/5.4.0/avr5\libgcc.a(_clear_bss.o)
                              heap_2.o (__do_clear_bss)

Allocating common symbols
Common symbol       size              file

queue_1_handle      0x2               main.o

Discarded input sections

 .data          0x00000000        0x0 C:/Program Files (x86)/Atmel/Studio/7.0/Packs/atmel/ATmega_DFP/1.2.132/gcc/dev/atmega32/avr5/crtatmega32.o
 .bss           0x00000000        0x0 C:/Program Files (x86)/Atmel/Studio/7.0/Packs/atmel/ATmega_DFP/1.2.132/gcc/dev/atmega32/avr5/crtatmega32.o
 .text          0x00000000        0x0 croutine.o
 .data          0x00000000        0x0 croutine.o
 .bss           0x00000000        0x0 croutine.o
 .debug_info    0x00000000       0x64 croutine.o
 .debug_abbrev  0x00000000       0x26 croutine.o
 .debug_aranges
                0x00000000       0x18 croutine.o
 .debug_line    0x00000000       0x1a croutine.o
 .debug_str     0x00000000      0x1ac croutine.o
 .comment       0x00000000       0x31 croutine.o
 .text          0x00000000        0x0 event_groups.o
 .data          0x00000000        0x0 event_groups.o
 .bss           0x00000000        0x0 event_groups.o
 .text.xEventGroupCreate
                0x00000000       0x26 event_groups.o
 .text.xEventGroupWaitBits
                0x00000000      0x110 event_groups.o
 .text.xEventGroupClearBits
                0x00000000       0x1e event_groups.o
 .text.xEventGroupGetBitsFromISR
                0x00000000        0x8 event_groups.o
 .text.xEventGroupSetBits
                0x00000000       0xdc event_groups.o
 .text.xEventGroupSync
                0x00000000       0xd2 event_groups.o
 .text.vEventGroupDelete
                0x00000000       0x32 event_groups.o
 .text.vEventGroupSetBitsCallback
                0x00000000        0x8 event_groups.o
 .text.vEventGroupClearBitsCallback
                0x00000000        0x8 event_groups.o
 .debug_info    0x00000000      0x8ed event_groups.o
 .debug_abbrev  0x00000000      0x205 event_groups.o
 .debug_loc     0x00000000      0xb40 event_groups.o
 .debug_aranges
                0x00000000       0x60 event_groups.o
 .debug_ranges  0x00000000       0x68 event_groups.o
 .debug_line    0x00000000      0x396 event_groups.o
 .debug_str     0x00000000      0x5c6 event_groups.o
 .comment       0x00000000       0x31 event_groups.o
 .debug_frame   0x00000000      0x158 event_groups.o
 .text          0x00000000        0x0 heap_2.o
 .data          0x00000000        0x0 heap_2.o
 .bss           0x00000000        0x0 heap_2.o
 .text.xPortGetFreeHeapSize
                0x00000000        0xa heap_2.o
 .text.vPortInitialiseBlocks
                0x00000000        0x2 heap_2.o
 .text          0x00000000        0x0 list.o
 .data          0x00000000        0x0 list.o
 .bss           0x00000000        0x0 list.o
 .text          0x00000000        0x0 main.o
 .data          0x00000000        0x0 main.o
 .bss           0x00000000        0x0 main.o
 .text          0x00000000        0x0 port.o
 .data          0x00000000        0x0 port.o
 .bss           0x00000000        0x0 port.o
 .text.vPortEndScheduler
                0x00000000        0x2 port.o
 .text          0x00000000        0x0 tasks.o
 .data          0x00000000        0x0 tasks.o
 .bss           0x00000000        0x0 tasks.o
 .text.vTaskDelete
                0x00000000       0xaa tasks.o
 .text.vTaskEndScheduler
                0x00000000        0xc tasks.o
 .text.xTaskGetTickCount
                0x00000000       0x14 tasks.o
 .text.xTaskGetTickCountFromISR
                0x00000000        0xa tasks.o
 .text.uxTaskGetNumberOfTasks
                0x00000000        0x6 tasks.o
 .text.pcTaskGetName
                0x00000000       0x10 tasks.o
 .text.vTaskPlaceOnEventList
                0x00000000       0x24 tasks.o
 .text.vTaskPlaceOnUnorderedEventList
                0x00000000       0x32 tasks.o
 .text.xTaskRemoveFromEventList
                0x00000000       0x90 tasks.o
 .text.xTaskRemoveFromUnorderedEventList
                0x00000000       0x74 tasks.o
 .text.vTaskSetTimeOutState
                0x00000000       0x16 tasks.o
 .text.xTaskCheckForTimeOut
                0x00000000       0x64 tasks.o
 .text.vTaskMissedYield
                0x00000000        0x8 tasks.o
 .text.uxTaskResetEventItemValue
                0x00000000       0x2e tasks.o
 .text.ulTaskNotifyTake
                0x00000000       0xae tasks.o
 .text.xTaskNotifyWait
                0x00000000      0x108 tasks.o
 .text.xTaskGenericNotify
                0x00000000       0xfc tasks.o
 .text.xTaskGenericNotifyFromISR
                0x00000000      0x122 tasks.o
 .text.vTaskNotifyGiveFromISR
                0x00000000       0xb6 tasks.o
 .text.xTaskNotifyStateClear
                0x00000000       0x28 tasks.o
 .text          0x00000000        0x0 timers.o
 .data          0x00000000        0x0 timers.o
 .bss           0x00000000        0x0 timers.o
 .debug_info    0x00000000       0x64 timers.o
 .debug_abbrev  0x00000000       0x26 timers.o
 .debug_aranges
                0x00000000       0x18 timers.o
 .debug_line    0x00000000       0x1a timers.o
 .debug_str     0x00000000      0x1aa timers.o
 .comment       0x00000000       0x31 timers.o
 .text          0x00000000        0x0 c:/program files (x86)/atmel/studio/7.0/toolchain/avr8/avr8-gnu-toolchain/bin/../lib/gcc/avr/5.4.0/avr5\libgcc.a(_exit.o)
 .data          0x00000000        0x0 c:/program files (x86)/atmel/studio/7.0/toolchain/avr8/avr8-gnu-toolchain/bin/../lib/gcc/avr/5.4.0/avr5\libgcc.a(_exit.o)
 .bss           0x00000000        0x0 c:/program files (x86)/atmel/studio/7.0/toolchain/avr8/avr8-gnu-toolchain/bin/../lib/gcc/avr/5.4.0/avr5\libgcc.a(_exit.o)
 .text.libgcc.mul
                0x00000000        0x0 c:/program files (x86)/atmel/studio/7.0/toolchain/avr8/avr8-gnu-toolchain/bin/../lib/gcc/avr/5.4.0/avr5\libgcc.a(_exit.o)
 .text.libgcc.div
                0x00000000        0x0 c:/program files (x86)/atmel/studio/7.0/toolchain/avr8/avr8-gnu-toolchain/bin/../lib/gcc/avr/5.4.0/avr5\libgcc.a(_exit.o)
 .text.libgcc   0x00000000        0x0 c:/program files (x86)/atmel/studio/7.0/toolchain/avr8/avr8-gnu-toolchain/bin/../lib/gcc/avr/5.4.0/avr5\libgcc.a(_exit.o)
 .text.libgcc.prologue
                0x00000000        0x0 c:/program files (x86)/atmel/studio/7.0/toolchain/avr8/avr8-gnu-toolchain/bin/../lib/gcc/avr/5.4.0/avr5\libgcc.a(_exit.o)
 .text.libgcc.builtins
                0x00000000        0x0 c:/program files (x86)/atmel/studio/7.0/toolchain/avr8/avr8-gnu-toolchain/bin/../lib/gcc/avr/5.4.0/avr5\libgcc.a(_exit.o)
 .text.libgcc.fmul
                0x00000000        0x0 c:/program files (x86)/atmel/studio/7.0/toolchain/avr8/avr8-gnu-toolchain/bin/../lib/gcc/avr/5.4.0/avr5\libgcc.a(_exit.o)
 .text.libgcc.fixed
                0x00000000        0x0 c:/program files (x86)/atmel/studio/7.0/toolchain/avr8/avr8-gnu-toolchain/bin/../lib/gcc/avr/5.4.0/avr5\libgcc.a(_exit.o)
 .text          0x00000000        0x0 c:/program files (x86)/atmel/studio/7.0/toolchain/avr8/avr8-gnu-toolchain/bin/../lib/gcc/avr/5.4.0/avr5\libgcc.a(_copy_data.o)
 .data          0x00000000        0x0 c:/program files (x86)/atmel/studio/7.0/toolchain/avr8/avr8-gnu-toolchain/bin/../lib/gcc/avr/5.4.0/avr5\libgcc.a(_copy_data.o)
 .bss           0x00000000        0x0 c:/program files (x86)/atmel/studio/7.0/toolchain/avr8/avr8-gnu-toolchain/bin/../lib/gcc/avr/5.4.0/avr5\libgcc.a(_copy_data.o)
 .text.libgcc.mul
                0x00000000        0x0 c:/program files (x86)/atmel/studio/7.0/toolchain/avr8/avr8-gnu-toolchain/bin/../lib/gcc/avr/5.4.0/avr5\libgcc.a(_copy_data.o)
 .text.libgcc.div
                0x00000000        0x0 c:/program files (x86)/atmel/studio/7.0/toolchain/avr8/avr8-gnu-toolchain/bin/../lib/gcc/avr/5.4.0/avr5\libgcc.a(_copy_data.o)
 .text.libgcc   0x00000000        0x0 c:/program files (x86)/atmel/studio/7.0/toolchain/avr8/avr8-gnu-toolchain/bin/../lib/gcc/avr/5.4.0/avr5\libgcc.a(_copy_data.o)
 .text.libgcc.prologue
                0x00000000        0x0 c:/program files (x86)/atmel/studio/7.0/toolchain/avr8/avr8-gnu-toolchain/bin/../lib/gcc/avr/5.4.0/avr5\libgcc.a(_copy_data.o)
 .text.libgcc.builtins
                0x00000000        0x0 c:/program files (x86)/atmel/studio/7.0/toolchain/avr8/avr8-gnu-toolchain/bin/../lib/gcc/avr/5.4.0/avr5\libgcc.a(_copy_data.o)
 .text.libgcc.fmul
                0x00000000        0x0 c:/program files (x86)/atmel/studio/7.0/toolchain/avr8/avr8-gnu-toolchain/bin/../lib/gcc/avr/5.4.0/avr5\libgcc.a(_copy_data.o)
 .text.libgcc.fixed
                0x00000000        0x0 c:/program files (x86)/atmel/studio/7.0/toolchain/avr8/avr8-gnu-toolchain/bin/../lib/gcc/avr/5.4.0/avr5\libgcc.a(_copy_data.o)
 .text          0x00000000        0x0 c:/program files (x86)/atmel/studio/7.0/toolchain/avr8/avr8-gnu-toolchain/bin/../lib/gcc/avr/5.4.0/avr5\libgcc.a(_clear_bss.o)
 .data          0x00000000        0x0 c:/program files (x86)/atmel/studio/7.0/toolchain/avr8/avr8-gnu-toolchain/bin/../lib/gcc/avr/5.4.0/avr5\libgcc.a(_clear_bss.o)
 .bss           0x00000000        0x0 c:/program files (x86)/atmel/studio/7.0/toolchain/avr8/avr8-gnu-toolchain/bin/../lib/gcc/avr/5.4.0/avr5\libgcc.a(_clear_bss.o)
 .text.libgcc.mul
                0x00000000        0x0 c:/program files (x86)/atmel/studio/7.0/toolchain/avr8/avr8-gnu-toolchain/bin/../lib/gcc/avr/5.4.0/avr5\libgcc.a(_clear_bss.o)
 .text.libgcc.div
                0x00000000        0x0 c:/program files (x86)/atmel/studio/7.0/toolchain/avr8/avr8-gnu-toolchain/bin/../lib/gcc/avr/5.4.0/avr5\libgcc.a(_clear_bss.o)
 .text.libgcc   0x00000000        0x0 c:/program files (x86)/atmel/studio/7.0/toolchain/avr8/avr8-gnu-toolchain/bin/../lib/gcc/avr/5.4.0/avr5\libgcc.a(_clear_bss.o)
 .text.libgcc.prologue
                0x00000000        0x0 c:/program files (x86)/atmel/studio/7.0/toolchain/avr8/avr8-gnu-toolchain/bin/../lib/gcc/avr/5.4.0/avr5\libgcc.a(_clear_bss.o)
 .text.libgcc.builtins
                0x00000000        0x0 c:/program files (x86)/atmel/studio/7.0/toolchain/avr8/avr8-gnu-toolchain/bin/../lib/gcc/avr/5.4.0/avr5\libgcc.a(_clear_bss.o)
 .text.libgcc.fmul
                0x00000000        0x0 c:/program files (x86)/atmel/studio/7.0/toolchain/avr8/avr8-gnu-toolchain/bin/../lib/gcc/avr/5.4.0/avr5\libgcc.a(_clear_bss.o)
 .text.libgcc.fixed
                0x00000000        0x0 c:/program files (x86)/atmel/studio/7.0/toolchain/avr8/avr8-gnu-toolchain/bin/../lib/gcc/avr/5.4.0/avr5\libgcc.a(_clear_bss.o)

Memory Configuration

Name             Origin             Length             Attributes
text             0x00000000         0x00020000         xr
data             0x00800060         0x0000ffa0         rw !x
eeprom           0x00810000         0x00010000         rw !x
fuse             0x00820000         0x00000002         rw !x
lock             0x00830000         0x00000400         rw !x
signature        0x00840000         0x00000400         rw !x
user_signatures  0x00850000         0x00000400         rw !x
*default*        0x00000000         0xffffffff

Linker script and memory map

LOAD C:/Program Files (x86)/Atmel/Studio/7.0/Packs/atmel/ATmega_DFP/1.2.132/gcc/dev/atmega32/avr5/crtatmega32.o
LOAD croutine.o
LOAD event_groups.o
LOAD heap_2.o
LOAD list.o
LOAD main.o
LOAD port.o
LOAD tasks.o
LOAD timers.o
START GROUP
LOAD c:/program files (x86)/atmel/studio/7.0/toolchain/avr8/avr8-gnu-toolchain/bin/../lib/gcc/avr/5.4.0/../../../../avr/lib/avr5\libm.a
END GROUP
START GROUP
LOAD c:/program files (x86)/atmel/studio/7.0/toolchain/avr8/avr8-gnu-toolchain/bin/../lib/gcc/avr/5.4.0/avr5\libgcc.a
LOAD c:/program files (x86)/atmel/studio/7.0/toolchain/avr8/avr8-gnu-toolchain/bin/../lib/gcc/avr/5.4.0/../../../../avr/lib/avr5\libm.a
LOAD c:/program files (x86)/atmel/studio/7.0/toolchain/avr8/avr8-gnu-toolchain/bin/../lib/gcc/avr/5.4.0/../../../../avr/lib/avr5\libc.a
LOAD C:/Program Files (x86)/Atmel/Studio/7.0/Packs/atmel/ATmega_DFP/1.2.132/gcc/dev/atmega32/avr5\libatmega32.a
END GROUP
                0x00020000                __TEXT_REGION_LENGTH__ = DEFINED (__TEXT_REGION_LENGTH__)?__TEXT_REGION_LENGTH__:0x20000
                0x0000ffa0                __DATA_REGION_LENGTH__ = DEFINED (__DATA_REGION_LENGTH__)?__DATA_REGION_LENGTH__:0xffa0
                0x00010000                __EEPROM_REGION_LENGTH__ = DEFINED (__EEPROM_REGION_LENGTH__)?__EEPROM_REGION_LENGTH__:0x10000
                [0x00000002]                __FUSE_REGION_LENGTH__ = DEFINED (__FUSE_REGION_LENGTH__)?__FUSE_REGION_LENGTH__:0x400
                0x00000400                __LOCK_REGION_LENGTH__ = DEFINED (__LOCK_REGION_LENGTH__)?__LOCK_REGION_LENGTH__:0x400
                0x00000400                __SIGNATURE_REGION_LENGTH__ = DEFINED (__SIGNATURE_REGION_LENGTH__)?__SIGNATURE_REGION_LENGTH__:0x400
                0x00000400                __USER_SIGNATURE_REGION_LENGTH__ = DEFINED (__USER_SIGNATURE_REGION_LENGTH__)?__USER_SIGNATURE_REGION_LENGTH__:0x400

.hash
 *(.hash)

.dynsym
 *(.dynsym)

.dynstr
 *(.dynstr)

.gnu.version
 *(.gnu.version)

.gnu.version_d
 *(.gnu.version_d)

.gnu.version_r
 *(.gnu.version_r)

.rel.init
 *(.rel.init)

.rela.init
 *(.rela.init)

.rel.text
 *(.rel.text)
 *(.rel.text.*)
 *(.rel.gnu.linkonce.t*)

.rela.text
 *(.rela.text)
 *(.rela.text.*)
 *(.rela.gnu.linkonce.t*)

.rel.fini
 *(.rel.fini)

.rela.fini
 *(.rela.fini)

.rel.rodata
 *(.rel.rodata)
 *(.rel.rodata.*)
 *(.rel.gnu.linkonce.r*)

.rela.rodata
 *(.rela.rodata)
 *(.rela.rodata.*)
 *(.rela.gnu.linkonce.r*)

.rel.data
 *(.rel.data)
 *(.rel.data.*)
 *(.rel.gnu.linkonce.d*)

.rela.data
 *(.rela.data)
 *(.rela.data.*)
 *(.rela.gnu.linkonce.d*)

.rel.ctors
 *(.rel.ctors)

.rela.ctors
 *(.rela.ctors)

.rel.dtors
 *(.rel.dtors)

.rela.dtors
 *(.rela.dtors)

.rel.got
 *(.rel.got)

.rela.got
 *(.rela.got)

.rel.bss
 *(.rel.bss)

.rela.bss
 *(.rela.bss)

.rel.plt
 *(.rel.plt)

.rela.plt
 *(.rela.plt)

.text           0x00000000      0xdd2
 *(.vectors)
 .vectors       0x00000000       0x54 C:/Program Files (x86)/Atmel/Studio/7.0/Packs/atmel/ATmega_DFP/1.2.132/gcc/dev/atmega32/avr5/crtatmega32.o
                0x00000000                __vector_default
                0x00000000                __vectors
 *(.vectors)
 *(.progmem.gcc*)
                0x00000054                . = ALIGN (0x2)
                0x00000054                __trampolines_start = .
 *(.trampolines)
 .trampolines   0x00000054        0x0 linker stubs
 *(.trampolines*)
                0x00000054                __trampolines_end = .
 *libprintf_flt.a:*(.progmem.data)
 *libc.a:*(.progmem.data)
 *(.progmem*)
                0x00000054                . = ALIGN (0x2)
 *(.jumptables)
 *(.jumptables*)
 *(.lowtext)
 *(.lowtext*)
                0x00000054                __ctors_start = .
 *(.ctors)
                0x00000054                __ctors_end = .
                0x00000054                __dtors_start = .
 *(.dtors)
                0x00000054                __dtors_end = .
 SORT(*)(.ctors)
 SORT(*)(.dtors)
 *(.init0)
 .init0         0x00000054        0x0 C:/Program Files (x86)/Atmel/Studio/7.0/Packs/atmel/ATmega_DFP/1.2.132/gcc/dev/atmega32/avr5/crtatmega32.o
                0x00000054                __init
 *(.init0)
 *(.init1)
 *(.init1)
 *(.init2)
 .init2         0x00000054        0xc C:/Program Files (x86)/Atmel/Studio/7.0/Packs/atmel/ATmega_DFP/1.2.132/gcc/dev/atmega32/avr5/crtatmega32.o
 *(.init2)
 *(.init3)
 *(.init3)
 *(.init4)
 .init4         0x00000060       0x16 c:/program files (x86)/atmel/studio/7.0/toolchain/avr8/avr8-gnu-toolchain/bin/../lib/gcc/avr/5.4.0/avr5\libgcc.a(_copy_data.o)
                0x00000060                __do_copy_data
 .init4         0x00000076       0x10 c:/program files (x86)/atmel/studio/7.0/toolchain/avr8/avr8-gnu-toolchain/bin/../lib/gcc/avr/5.4.0/avr5\libgcc.a(_clear_bss.o)
                0x00000076                __do_clear_bss
 *(.init4)
 *(.init5)
 *(.init5)
 *(.init6)
 *(.init6)
 *(.init7)
 *(.init7)
 *(.init8)
 *(.init8)
 *(.init9)
 .init9         0x00000086        0x8 C:/Program Files (x86)/Atmel/Studio/7.0/Packs/atmel/ATmega_DFP/1.2.132/gcc/dev/atmega32/avr5/crtatmega32.o
 *(.init9)
 *(.text)
 .text          0x0000008e        0x4 C:/Program Files (x86)/Atmel/Studio/7.0/Packs/atmel/ATmega_DFP/1.2.132/gcc/dev/atmega32/avr5/crtatmega32.o
                0x0000008e                __vector_1
                0x0000008e                __vector_12
                0x0000008e                __bad_interrupt
                0x0000008e                __vector_6
                0x0000008e                __vector_3
                0x0000008e                __vector_11
                0x0000008e                __vector_13
                0x0000008e                __vector_17
                0x0000008e                __vector_19
                0x0000008e                __vector_5
                0x0000008e                __vector_4
                0x0000008e                __vector_9
                0x0000008e                __vector_2
                0x0000008e                __vector_15
                0x0000008e                __vector_8
                0x0000008e                __vector_14
                0x0000008e                __vector_10
                0x0000008e                __vector_16
                0x0000008e                __vector_18
                0x0000008e                __vector_20
                0x00000092                . = ALIGN (0x2)
 *(.text.*)
 .text.pvPortMalloc
                0x00000092      0x134 heap_2.o
                0x00000092                pvPortMalloc
 .text.vPortFree
                0x000001c6       0x66 heap_2.o
                0x000001c6                vPortFree
 .text.vListInitialise
                0x0000022c       0x1c list.o
                0x0000022c                vListInitialise
 .text.vListInitialiseItem
                0x00000248        0x8 list.o
                0x00000248                vListInitialiseItem
 .text.vListInsertEnd
                0x00000250       0x42 list.o
                0x00000250                vListInsertEnd
 .text.vListInsert
                0x00000292       0x62 list.o
                0x00000292                vListInsert
 .text.uxListRemove
                0x000002f4       0x4c list.o
                0x000002f4                uxListRemove
 .text.task1    0x00000340       0x26 main.o
                0x00000340                task1
 .text.task2    0x00000366       0x32 main.o
                0x00000366                task2
 .text.main     0x00000398       0x84 main.o
                0x00000398                main
 .text.pxPortInitialiseStack
                0x0000041c       0xd8 port.o
                0x0000041c                pxPortInitialiseStack
 .text.xPortStartScheduler
                0x000004f4       0x6a port.o
                0x000004f4                xPortStartScheduler
 .text.vPortYield
                0x0000055e       0xb2 port.o
                0x0000055e                vPortYield
 .text.vPortYieldFromTick
                0x00000610       0xb8 port.o
                0x00000610                vPortYieldFromTick
 .text.__vector_7
                0x000006c8        0x6 port.o
                0x000006c8                __vector_7
 .text.prvResetNextTaskUnblockTime
                0x000006ce       0x3e tasks.o
 .text.prvAddCurrentTaskToDelayedList
                0x0000070c       0x88 tasks.o
 .text.xTaskCreate
                0x00000794      0x210 tasks.o
                0x00000794                xTaskCreate
 .text.vTaskStartScheduler
                0x000009a4       0x54 tasks.o
                0x000009a4                vTaskStartScheduler
 .text.vTaskSuspendAll
                0x000009f8        0xc tasks.o
                0x000009f8                vTaskSuspendAll
 .text.xTaskIncrementTick
                0x00000a04      0x176 tasks.o
                0x00000a04                xTaskIncrementTick
 .text.xTaskResumeAll
                0x00000b7a       0xfe tasks.o
                0x00000b7a                xTaskResumeAll
 .text.vTaskDelay
                0x00000c78       0x28 tasks.o
                0x00000c78                vTaskDelay
 .text.prvIdleTask
                0x00000ca0       0x62 tasks.o
 .text.vTaskSwitchContext
                0x00000d02       0xcc tasks.o
                0x00000d02                vTaskSwitchContext
                0x00000dce                . = ALIGN (0x2)
 *(.fini9)
 .fini9         0x00000dce        0x0 c:/program files (x86)/atmel/studio/7.0/toolchain/avr8/avr8-gnu-toolchain/bin/../lib/gcc/avr/5.4.0/avr5\libgcc.a(_exit.o)
                0x00000dce                _exit
                0x00000dce                exit
 *(.fini9)
 *(.fini8)
 *(.fini8)
 *(.fini7)
 *(.fini7)
 *(.fini6)
 *(.fini6)
 *(.fini5)
 *(.fini5)
 *(.fini4)
 *(.fini4)
 *(.fini3)
 *(.fini3)
 *(.fini2)
 *(.fini2)
 *(.fini1)
 *(.fini1)
 *(.fini0)
 .fini0         0x00000dce        0x4 c:/program files (x86)/atmel/studio/7.0/toolchain/avr8/avr8-gnu-toolchain/bin/../lib/gcc/avr/5.4.0/avr5\libgcc.a(_exit.o)
 *(.fini0)
                0x00000dd2                _etext = .

.data           0x00800060        0x8 load address 0x00000dd2
                0x00800060                PROVIDE (__data_start, .)
 *(.data)
 *(.data*)
 .data.xFreeBytesRemaining
                0x00800060        0x2 heap_2.o
 *(.rodata)
 *(.rodata*)
 .rodata.str1.1
                0x00800062        0x5 tasks.o
 *(.gnu.linkonce.d*)
                0x00800068                . = ALIGN (0x2)
 *fill*         0x00800067        0x1 
                0x00800068                _edata = .
                0x00800068                PROVIDE (__data_end, .)

.bss            0x00800068      0x2c0
                0x00800068                PROVIDE (__bss_start, .)
 *(.bss)
 *(.bss*)
 .bss.xHeapHasBeenInitialised.2078
                0x00800068        0x1 heap_2.o
 .bss.xEnd      0x00800069        0x4 heap_2.o
 .bss.xStart    0x0080006d        0x4 heap_2.o
 .bss.ucHeap    0x00800071      0x258 heap_2.o
 .bss.uxSchedulerSuspended
                0x008002c9        0x1 tasks.o
 .bss.xIdleTaskHandle
                0x008002ca        0x2 tasks.o
 .bss.xNextTaskUnblockTime
                0x008002cc        0x2 tasks.o
 .bss.uxTaskNumber
                0x008002ce        0x1 tasks.o
 .bss.xNumOfOverflows
                0x008002cf        0x1 tasks.o
 .bss.xYieldPending
                0x008002d0        0x1 tasks.o
 .bss.uxPendedTicks
                0x008002d1        0x1 tasks.o
 .bss.xSchedulerRunning
                0x008002d2        0x1 tasks.o
 .bss.uxTopReadyPriority
                0x008002d3        0x1 tasks.o
 .bss.xTickCount
                0x008002d4        0x2 tasks.o
 .bss.uxCurrentNumberOfTasks
                0x008002d6        0x1 tasks.o
 .bss.uxDeletedTasksWaitingCleanUp
                0x008002d7        0x1 tasks.o
 .bss.xTasksWaitingTermination
                0x008002d8        0x9 tasks.o
 .bss.xPendingReadyList
                0x008002e1        0x9 tasks.o
 .bss.pxOverflowDelayedTaskList
                0x008002ea        0x2 tasks.o
 .bss.pxDelayedTaskList
                0x008002ec        0x2 tasks.o
 .bss.xDelayedTaskList2
                0x008002ee        0x9 tasks.o
 .bss.xDelayedTaskList1
                0x008002f7        0x9 tasks.o
 .bss.pxReadyTasksLists
                0x00800300       0x24 tasks.o
 .bss.pxCurrentTCB
                0x00800324        0x2 tasks.o
                0x00800324                pxCurrentTCB
 *(COMMON)
 COMMON         0x00800326        0x2 main.o
                0x00800326                queue_1_handle
                0x00800328                PROVIDE (__bss_end, .)
                0x00000dd2                __data_load_start = LOADADDR (.data)
                0x00000dda                __data_load_end = (__data_load_start + SIZEOF (.data))

.noinit         0x00800328        0x0
                [!provide]                PROVIDE (__noinit_start, .)
 *(.noinit*)
                [!provide]                PROVIDE (__noinit_end, .)
                0x00800328                _end = .
                [!provide]                PROVIDE (__heap_start, .)

.eeprom         0x00810000        0x0
 *(.eeprom*)
                0x00810000                __eeprom_end = .

.fuse
 *(.fuse)
 *(.lfuse)
 *(.hfuse)
 *(.efuse)

.lock
 *(.lock*)

.signature
 *(.signature*)

.user_signatures
 *(.user_signatures*)

.stab
 *(.stab)

.stabstr
 *(.stabstr)

.stab.excl
 *(.stab.excl)

.stab.exclstr
 *(.stab.exclstr)

.stab.index
 *(.stab.index)

.stab.indexstr
 *(.stab.indexstr)

.comment        0x00000000       0x30
 *(.comment)
 .comment       0x00000000       0x30 heap_2.o
                                 0x31 (size before relaxing)
 .comment       0x00000030       0x31 list.o
 .comment       0x00000030       0x31 main.o
 .comment       0x00000030       0x31 port.o
 .comment       0x00000030       0x31 tasks.o

.note.gnu.avr.deviceinfo
                0x00000000       0x3c
 .note.gnu.avr.deviceinfo
                0x00000000       0x3c C:/Program Files (x86)/Atmel/Studio/7.0/Packs/atmel/ATmega_DFP/1.2.132/gcc/dev/atmega32/avr5/crtatmega32.o

.note.gnu.build-id
 *(.note.gnu.build-id)

.debug
 *(.debug)

.line
 *(.line)

.debug_srcinfo
 *(.debug_srcinfo)

.debug_sfnames
 *(.debug_sfnames)

.debug_aranges  0x00000000      0x1f8
 *(.debug_aranges)
 .debug_aranges
                0x00000000       0x38 heap_2.o
 .debug_aranges
                0x00000038       0x40 list.o
 .debug_aranges
                0x00000078       0x30 main.o
 .debug_aranges
                0x000000a8       0x48 port.o
 .debug_aranges
                0x000000f0      0x108 tasks.o

.debug_pubnames
 *(.debug_pubnames)

.debug_info     0x00000000     0x2791
 *(.debug_info .gnu.linkonce.wi.*)
 .debug_info    0x00000000      0x4e6 C:/Program Files (x86)/Atmel/Studio/7.0/Packs/atmel/ATmega_DFP/1.2.132/gcc/dev/atmega32/avr5/crtatmega32.o
 .debug_info    0x000004e6      0x33a heap_2.o
 .debug_info    0x00000820      0x2cd list.o
 .debug_info    0x00000aed      0x2b5 main.o
 .debug_info    0x00000da2      0x263 port.o
 .debug_info    0x00001005     0x178c tasks.o

.debug_abbrev   0x00000000      0xcd3
 *(.debug_abbrev)
 .debug_abbrev  0x00000000      0x4a3 C:/Program Files (x86)/Atmel/Studio/7.0/Packs/atmel/ATmega_DFP/1.2.132/gcc/dev/atmega32/avr5/crtatmega32.o
 .debug_abbrev  0x000004a3      0x1ba heap_2.o
 .debug_abbrev  0x0000065d       0xf8 list.o
 .debug_abbrev  0x00000755      0x113 main.o
 .debug_abbrev  0x00000868      0x155 port.o
 .debug_abbrev  0x000009bd      0x316 tasks.o

.debug_line     0x00000000     0x1551
 *(.debug_line .debug_line.* .debug_line_end)
 .debug_line    0x00000000      0x115 C:/Program Files (x86)/Atmel/Studio/7.0/Packs/atmel/ATmega_DFP/1.2.132/gcc/dev/atmega32/avr5/crtatmega32.o
 .debug_line    0x00000115      0x27c heap_2.o
 .debug_line    0x00000391      0x1cb list.o
 .debug_line    0x0000055c      0x157 main.o
 .debug_line    0x000006b3      0x288 port.o
 .debug_line    0x0000093b      0xc16 tasks.o

.debug_frame    0x00000000      0x5a8
 *(.debug_frame)
 .debug_frame   0x00000000       0x7c heap_2.o
 .debug_frame   0x0000007c       0x88 list.o
 .debug_frame   0x00000104       0x74 main.o
 .debug_frame   0x00000178       0x74 port.o
 .debug_frame   0x000001ec      0x3bc tasks.o

.debug_str      0x00000000      0xef0
 *(.debug_str)
 .debug_str     0x00000000      0x196 C:/Program Files (x86)/Atmel/Studio/7.0/Packs/atmel/ATmega_DFP/1.2.132/gcc/dev/atmega32/avr5/crtatmega32.o
 .debug_str     0x00000196      0x2f0 heap_2.o
                                0x334 (size before relaxing)
 .debug_str     0x00000486      0x135 list.o
                                0x2eb (size before relaxing)
 .debug_str     0x000005bb       0xa8 main.o
                                0x257 (size before relaxing)
 .debug_str     0x00000663      0x118 port.o
                                0x2e4 (size before relaxing)
 .debug_str     0x0000077b      0x775 tasks.o
                                0xb5b (size before relaxing)

.debug_loc      0x00000000     0x200a
 *(.debug_loc)
 .debug_loc     0x00000000      0x2ef heap_2.o
 .debug_loc     0x000002ef      0x145 list.o
 .debug_loc     0x00000434      0x103 main.o
 .debug_loc     0x00000537      0x2a0 port.o
 .debug_loc     0x000007d7     0x1833 tasks.o

.debug_macinfo
 *(.debug_macinfo)

.debug_weaknames
 *(.debug_weaknames)

.debug_funcnames
 *(.debug_funcnames)

.debug_typenames
 *(.debug_typenames)

.debug_varnames
 *(.debug_varnames)

.debug_pubtypes
 *(.debug_pubtypes)

.debug_ranges   0x00000000      0x1f0
 *(.debug_ranges)
 .debug_ranges  0x00000000       0x28 heap_2.o
 .debug_ranges  0x00000028       0x30 list.o
 .debug_ranges  0x00000058       0x20 main.o
 .debug_ranges  0x00000078       0x38 port.o
 .debug_ranges  0x000000b0      0x140 tasks.o

.debug_macro
 *(.debug_macro)
OUTPUT(FREERTOS_V9.0.0_atmega32_Z_SecondShoot.elf elf32-avr)
LOAD linker stubs
